// Jest Snapshot v1, https://goo.gl/fbAQLP

exports[`Correct edit user form render 1`] = `
<form
  data-testid="edit-form"
>
  <div
    class="sc-jSMfEi cgQTUG"
  >
    <label
      class="sc-gsnTZi mhuyQ"
      data-testid="my-label-input"
    >
      <input
        class="sc-dkzDqf fWXHEX"
        placeholder=" "
        value="AndrewTheFirst"
      />
      <span
        class="sc-hKMtZM cnSXuh"
      >
        User's username
      </span>
    </label>
    <label
      class="sc-gsnTZi mhuyQ"
      data-testid="my-label-input"
    >
      <input
        class="sc-dkzDqf fWXHEX"
        placeholder=" "
        value="Andrew"
      />
      <span
        class="sc-hKMtZM cnSXuh"
      >
        User's firstName
      </span>
    </label>
    <label
      class="sc-gsnTZi mhuyQ"
      data-testid="my-label-input"
    >
      <input
        class="sc-dkzDqf fWXHEX"
        placeholder=" "
        value="Makarevich"
      />
      <span
        class="sc-hKMtZM cnSXuh"
      >
        User's lastName
      </span>
    </label>
    <label
      class="sc-gsnTZi mhuyQ"
      data-testid="my-label-input"
    >
      <input
        class="sc-dkzDqf fWXHEX"
        placeholder=" "
        value="andrei1@mail.ru"
      />
      <span
        class="sc-hKMtZM cnSXuh"
      >
        User's email
      </span>
    </label>
  </div>
  <div
    class="sc-eCYdqJ fuUAfF"
  >
    <button
      class="sc-bczRLJ bJUkpm"
      data-testid="clear-changes-btn"
      type="button"
    >
      Clear changes
    </button>
    <button
      class="sc-bczRLJ bJUkpm"
      data-testid="submit-changes-btn"
      type="button"
    >
      Submit changes
    </button>
  </div>
</form>
`;
