// Jest Snapshot v1, https://goo.gl/fbAQLP

exports[`Bread crumb renders correctly: Bread crumb: component final version 1`] = `
<article
  class="sc-iIPllB clgHkR"
  data-testid="bread-crumb"
>
  <div
    class="sc-gicCDI YpKsL"
  >
    <a
      class="sc-llJcti iCzjVp sc-ezWOiH fdBITi"
      data-testid="crumb--link"
      href="/"
      pathname=""
    />
  </div>
</article>
`;
