// Jest Snapshot v1, https://goo.gl/fbAQLP

exports[`Edit group form's correct render 1`] = `
<form
  class="form"
  data-testid="edit-group-form"
>
  <div
    class="form-inputs__wrapper"
  >
    <label
      class="label "
      data-testid="my-label-input"
    >
      <input
        class="my-input "
        placeholder=" "
        value="FirstGroup"
      />
      <span>
        Group's groupName
      </span>
    </label>
    <label
      class="label "
      data-testid="my-label-input"
    >
      <input
        class="my-input "
        placeholder=" "
        value="First"
      />
      <span>
        Group's groupTitle
      </span>
    </label>
  </div>
  <div
    class="form-buttons__wrapper"
  >
    <button
      class="my-button "
    >
      Clear changes
    </button>
    <button
      class="my-button "
      data-testid="submit-group-changes-btn"
    >
      Submit changes
    </button>
  </div>
</form>
`;
