// Jest Snapshot v1, https://goo.gl/fbAQLP

exports[`Correct pagination line render 1`] = `
<div
  class="sc-hKMtZM ieiOfP"
  data-testid="pagination-line"
>
  <div
    class="sc-eCYdqJ bElTwV"
  >
    <input
      class="sc-gsnTZi VpLuI sc-jSMfEi eyfztT"
      placeholder="Page number"
      title="Enter tour page here"
      type="number"
    />
  </div>
  <button
    class="sc-gKXOVf dZAerA"
    data-testid="pagination-btn"
    type="button"
  >
    &lt;
  </button>
  <button
    class="sc-gKXOVf bLgqpu"
    data-testid="pagination-btn"
    type="button"
  >
    1
  </button>
  <button
    class="sc-gKXOVf dZAerA"
    data-testid="pagination-btn"
    type="button"
  >
    2
  </button>
  <button
    class="sc-gKXOVf dZAerA"
    data-testid="pagination-btn"
    type="button"
  >
    3
  </button>
  <button
    class="sc-gKXOVf dZAerA"
    data-testid="pagination-btn"
    type="button"
  >
    &gt;
  </button>
</div>
`;
