// Jest Snapshot v1, https://goo.gl/fbAQLP

exports[`Correct group's search panel render 1`] = `
<section
  class="search-panel"
  data-testid="search-panel"
>
  <div
    class="search-panel__inputs"
  >
    <label
      class="label"
      data-testid="search-input"
      for="search-input"
    >
      <input
        class="input PropTypes.string"
        id="search-input"
        placeholder="Search by groupName"
        value="FirstGroup"
      />
      <span
        class="icon"
      >
        <svg
          class="icon "
          fill="none"
          stroke="currentColor"
          stroke-width="2"
          viewBox="0 0 24 24"
          xmlns="http://www.w3.org/2000/svg"
        >
          <path
            d="M21 21l-6-6m2-5a7 7 0 11-14 0 7 7 0 0114 0z"
            stroke-linecap="round"
            stroke-linejoin="round"
          />
        </svg>
      </span>
    </label>
    <label
      class="label"
      data-testid="search-input"
      for="search-input"
    >
      <input
        class="input PropTypes.string"
        id="search-input"
        placeholder="Search by groupTitle"
        value=""
      />
      <span
        class="icon"
      >
        <svg
          class="icon "
          fill="none"
          stroke="currentColor"
          stroke-width="2"
          viewBox="0 0 24 24"
          xmlns="http://www.w3.org/2000/svg"
        >
          <path
            d="M21 21l-6-6m2-5a7 7 0 11-14 0 7 7 0 0114 0z"
            stroke-linecap="round"
            stroke-linejoin="round"
          />
        </svg>
      </span>
    </label>
  </div>
  <button
    class="my-button "
    data-testid="clear-group-search-panel-btn"
  >
    Clear search inputs
  </button>
</section>
`;
